0 verbose cli /home/gunin/.nvm/versions/node/v24.18.0/bin/node /home/gunin/.nvm/versions/node/v24.18.0/lib/node_modules/npm/bin/npm-cli.js
1 info using npm@11.16.0
2 info using node@v24.18.0
3 silly config load:file:/home/gunin/.nvm/versions/node/v24.18.0/lib/node_modules/npm/npmrc
4 silly config load:file:/home/gunin/Desktop/meerup/frontend/.npmrc
5 silly config load:file:/home/gunin/Desktop/meerup/frontend/scratch_home/.npmrc
6 silly config load:file:/home/gunin/.nvm/versions/node/v24.18.0/etc/npmrc
7 verbose title npm exec expo export --platform android --no-minify
8 verbose argv "exec" "--" "expo" "export" "--platform" "android" "--no-minify"
9 verbose logfile logs-max:10 dir:/home/gunin/Desktop/meerup/frontend/scratch_home/.npm/_logs/2026-09-23T07_08_18_629Z-
10 verbose logfile /home/gunin/Desktop/meerup/frontend/scratch_home/.npm/_logs/2026-09-23T07_08_18_629Z-debug-0.log
11 silly logfile done cleaning log files
12 http fetch GET https://registry.npmjs.org/npm attempt 1 failed with ENOTFOUND
13 http fetch GET https://registry.npmjs.org/npm attempt 2 failed with ENOTFOUND
14 verbose cwd /home/gunin/Desktop/meerup/frontend
15 verbose os Linux 7.1.5-76070105-generic
16 verbose node v24.18.0
17 verbose npm  v11.16.0
18 verbose exit 0
19 info ok
